# 1 6T硬盘为何只能看到2T
> 在Linux中，由于ext3文件系统不支持大于2TB的分区，所以要使用GPT分区格式。可利用parted命令来完成分区。

# 2 6T硬盘安装操作系统
> 安装操作系统时，必须使用bios的UEFI引导模式+GPT分区模式。
> uefi是新式的BIOS，legacy是传统BIOS。你在UEFI模式下安装的系统，只能用UEFI模式引导；同理，如果你是在Legacy模式下安装的系统，也只能在legacy模式下进系统。uefi只支持64为系统且磁盘分区必须为gpt模式，传统BIOS使用Int 13中断读取磁盘，每次只能读64KB，非常低效，而UEFI每次可以读1MB，载入更快。

# 3 linux下查看磁盘分区的文件系统格式
## 3.1 df -T 
> 只可以查看已经挂载的分区和文件系统类型
```
[root@localhost ~]# df -T
文件系统                类型          1K-块   已用       可用 已用% 挂载点
/dev/mapper/centos-root xfs        52403200 877552   51525648    2% /
devtmpfs                devtmpfs   16372644      0   16372644    0% /dev
tmpfs                   tmpfs      16383156      0   16383156    0% /dev/shm
tmpfs                   tmpfs      16383156   8808   16374348    1% /run
tmpfs                   tmpfs      16383156      0   16383156    0% /sys/fs/cgroup
/dev/mapper/centos-home xfs      2076943516  32928 2076910588    1% /home
/dev/sda1               xfs          508588 127344     381244   26% /boot
tmpfs                   tmpfs       3276632      0    3276632    0% /run/user/0
[root@localhost ~]# 
```

## 3.2 fdisk -l
> 可以显示出所有挂载和未挂载的分区，但不显示文件系统类型。
```
[root@localhost ~]# fdisk -l
磁盘 /dev/sda：2199.0 GB, 2199023254528 字节，4294967294 个扇区
Units = 扇区 of 1 * 512 = 512 bytes
扇区大小(逻辑/物理)：512 字节 / 512 字节
I/O 大小(最小/最佳)：512 字节 / 512 字节
磁盘标签类型：dos
磁盘标识符：0x000aca66

   设备 Boot      Start         End      Blocks   Id  System
/dev/sda1   *        2048     1026047      512000   83  Linux
/dev/sda2         1026048  4294965247  2146969600   8e  Linux LVM

磁盘 /dev/mapper/centos-root：53.7 GB, 53687091200 字节，104857600 个扇区
Units = 扇区 of 1 * 512 = 512 bytes
扇区大小(逻辑/物理)：512 字节 / 512 字节
I/O 大小(最小/最佳)：512 字节 / 512 字节

磁盘 /dev/mapper/centos-swap：16.9 GB, 16911433728 字节，33030144 个扇区
Units = 扇区 of 1 * 512 = 512 bytes
扇区大小(逻辑/物理)：512 字节 / 512 字节
I/O 大小(最小/最佳)：512 字节 / 512 字节

磁盘 /dev/mapper/centos-home：2127.8 GB, 2127829139456 字节，4155916288 个扇区
Units = 扇区 of 1 * 512 = 512 bytes
扇区大小(逻辑/物理)：512 字节 / 512 字节
I/O 大小(最小/最佳)：512 字节 / 512 字节
```

## 3.3 parted -l
> 可以查看未挂载的文件系统类型，以及哪些分区尚未格式化。
```
[root@localhost ~]# parted -l 
Model: ATA ST6000NM0115-1YZ (scsi)
Disk /dev/sda: 2199GB
Sector size (logical/physical): 512B/512B
Partition Table: msdos
Disk Flags: 

Number  Start   End     Size    Type     File system  标志
 1      1049kB  525MB   524MB   primary  xfs          启动
 2      525MB   2199GB  2198GB  primary               lvm


Model: Linux device-mapper (linear) (dm)
Disk /dev/mapper/centos-home: 2128GB
Sector size (logical/physical): 512B/512B
Partition Table: loop
Disk Flags: 

Number  Start  End     Size    File system  标志
 1      0.00B  2128GB  2128GB  xfs


Model: Linux device-mapper (linear) (dm)
Disk /dev/mapper/centos-swap: 16.9GB
Sector size (logical/physical): 512B/512B
Partition Table: loop
Disk Flags: 

Number  Start  End     Size    File system     标志
 1      0.00B  16.9GB  16.9GB  linux-swap(v1)


Model: Linux device-mapper (linear) (dm)
Disk /dev/mapper/centos-root: 53.7GB
Sector size (logical/physical): 512B/512B
Partition Table: loop
Disk Flags: 

Number  Start  End     Size    File system  标志
 1      0.00B  53.7GB  53.7GB  xfs
```

## 3.4 lsblk -f
> 可以查看未挂载的文件系统类型。
```
[root@localhost ~]# lsblk -f
NAME            FSTYPE      LABEL           UUID                                   MOUNTPOINT
sda                                                                                
├─sda1          xfs                         b54b0d1c-0f3c-463e-b22e-ef7c03b5473c   /boot
└─sda2          LVM2_member                 OG1L3D-dP3B-ZGWf-zpeT-ZXdC-NYiS-JTaRG1 
  ├─centos-root xfs                         190dab2c-9033-48c9-85fb-1f6997a85140   /
  ├─centos-swap swap                        947a8e0a-dac6-46f3-9e11-88ae17ec6a27   [SWAP]
  └─centos-home xfs                         a4870eed-664a-4aa4-b0c7-551b54263f34   /home
sr0                                                                                
sr1             iso9660     CentOS 7 x86_64 2015-12-09-23-14-10-00                 
[root@localhost ~]# 
```

# 4 参考地址
[UEFI和Legacy及UEFI+Legacy启动的区别](https://www.cnblogs.com/net5x/p/6850801.html)

[linux下查看磁盘分区的文件系统格式](https://www.cnblogs.com/youbiyoufang/p/7607174.html)
